Status: 200
Body: 상사의 괴롭힘이나 왕따는 직장에서 결코 용인될 수 없는 상황입니다. 이러한 문제는 법적으로 '직장 내 괴롭힘'으로 간주될 수 있으며, 한국에서는 근로기준법 제76조의2에 의해 보호받을 수 있습니다. 이 법에 따르면 직장 내 괴롭힘은 사용자나 노동자가 다른 노동자에게 업무상 적정 범위를 넘는 신체적 또는 정신적 고통을 가하는 행위를 의미합니다.

해결책의 첫 번째 단계로는 인사부서나 회사의 담당 부서에 공식적으로 문제를 제기하는 것입니다. 회사 내의 고충처리 절차를 통해 문제를 해결할 수 있을지 모릅니다. 

또한, 경우에 따라 노동청이나 근로감독관에게 신고하여 조사와 구제를 요청할 수도 있습니다. 한국 외에도, 예를 들어 일본은 직장 내 괴롭힘 방지를 위한 법률을 시행 중이며, 프랑스는 이러한 상황에서 심각한 처벌을 규정하고 있습니다.

괴롭힘이 지속된다면 법적으로 근로자의 권리를 보장받을 수 있도록 하는 것이 중요합니다. 필요시 전문가의 도움을 받는 것도 고려해 보시길 권장드립니다. 추가로 도움이 필요하시면 언제든지 질문해 주세요.