src/app/api/cron/cleanup/route.ts(38,27): error TS2554: Expected 0-1 arguments, but got 2.
src/app/api/cron/cleanup/route.ts(45,27): error TS2554: Expected 0-1 arguments, but got 2.
src/app/api/cron/cleanup/route.ts(52,27): error TS2554: Expected 0-1 arguments, but got 2.
src/app/dashboard/page.tsx(51,19): error TS2352: Conversion of type '{ id: any; title: any; content: any; budget: any; deadline: any; status: any; created_at: any; author: { id: any; full_name: any; role: any; office_location: any; }[]; }[] | null' to type 'PostWithAuthor[]' may be a mistake because neither type sufficiently overlaps with the other. If this was intentional, convert the expression to 'unknown' first.
  Type '{ id: any; title: any; content: any; budget: any; deadline: any; status: any; created_at: any; author: { id: any; full_name: any; role: any; office_location: any; }[]; }[]' is not comparable to type 'PostWithAuthor[]'.
    Type '{ id: any; title: any; content: any; budget: any; deadline: any; status: any; created_at: any; author: { id: any; full_name: any; role: any; office_location: any; }[]; }' is missing the following properties from type 'PostWithAuthor': author_id, updated_at
src/app/project/[id]/page.tsx(58,15): error TS2352: Conversion of type '{ id: any; title: any; content: any; budget: any; deadline: any; status: any; created_at: any; author: { id: any; full_name: any; role: any; office_location: any; }[]; }' to type 'PostWithAuthor' may be a mistake because neither type sufficiently overlaps with the other. If this was intentional, convert the expression to 'unknown' first.
  Type '{ id: any; title: any; content: any; budget: any; deadline: any; status: any; created_at: any; author: { id: any; full_name: any; role: any; office_location: any; }[]; }' is missing the following properties from type 'PostWithAuthor': author_id, updated_at
src/components/landing/LatestPostsPreview.tsx(80,17): error TS2352: Conversion of type '{ id: any; title: any; content: any; budget: any; deadline: any; status: any; created_at: any; author: { id: any; full_name: any; role: any; office_location: any; }[]; }[]' to type 'PostWithAuthor[]' may be a mistake because neither type sufficiently overlaps with the other. If this was intentional, convert the expression to 'unknown' first.
  Type '{ id: any; title: any; content: any; budget: any; deadline: any; status: any; created_at: any; author: { id: any; full_name: any; role: any; office_location: any; }[]; }' is missing the following properties from type 'PostWithAuthor': author_id, updated_at
src/components/posts/PostCard.tsx(16,36): error TS2339: Property 'profession_type' does not exist on type 'Pick<Profile, "id" | "role" | "full_name" | "office_location">'.
src/components/posts/PostCard.tsx(25,13): error TS2339: Property 'body' does not exist on type 'PostWithAuthor'.
src/components/posts/PostCard.tsx(27,17): error TS2339: Property 'body' does not exist on type 'PostWithAuthor'.
src/components/posts/PostCard.tsx(32,21): error TS2339: Property 'point_cost' does not exist on type 'PostWithAuthor'.
src/lib/rag.ts(13,39): error TS2339: Property 'embeddings' does not exist on type '{ readonly chat: Chat; }'.
